[0.006s][info][gc] Using Serial
[6.987s][info][gc] GC(0) Pause Young (Allocation Failure) 4M->2M(15M) 4.240ms
[7.021s][info][gc] GC(1) Pause Young (Allocation Failure) 6M->2M(15M) 2.181ms
[7.038s][info][gc] GC(2) Pause Young (Allocation Failure) 6M->2M(15M) 0.636ms
[7.051s][info][gc] GC(3) Pause Young (Allocation Failure) 6M->2M(15M) 0.320ms
[8.888s][info][gc] GC(4) Pause Young (Allocation Failure) 6M->2M(15M) 0.629ms
[8.890s][info][gc] GC(5) Pause Young (Allocation Failure) 7M->3M(15M) 1.126ms
[8.893s][info][gc] GC(6) Pause Young (Allocation Failure) 8M->5M(15M) 1.414ms
[8.895s][info][gc] GC(7) Pause Young (Allocation Failure) 10M->5M(15M) 0.278ms
[8.895s][info][gc] GC(8) Pause Young (Allocation Failure) 6M->5M(15M) 0.426ms
[8.898s][info][gc] GC(9) Pause Young (Allocation Failure) 10M->9M(15M) 1.434ms
[8.899s][info][gc] GC(10) Pause Young (Allocation Failure) 14M->14M(15M) 0.027ms
[8.903s][info][gc] GC(11) Pause Full (Allocation Failure) 14M->6M(15M) 4.046ms
[8.905s][info][gc] GC(12) Pause Young (Allocation Failure) 10M->6M(15M) 0.235ms
