[0.007s][info][gc] Using Serial
[5.675s][info][gc] GC(0) Pause Young (Allocation Failure) 4M->2M(15M) 3.148ms
[5.711s][info][gc] GC(1) Pause Young (Allocation Failure) 6M->2M(15M) 2.238ms
[5.729s][info][gc] GC(2) Pause Young (Allocation Failure) 6M->2M(15M) 0.649ms
[5.747s][info][gc] GC(3) Pause Young (Allocation Failure) 6M->2M(15M) 0.674ms
[8.036s][info][gc] GC(4) Pause Young (Allocation Failure) 6M->2M(15M) 0.519ms
[8.038s][info][gc] GC(5) Pause Young (Allocation Failure) 7M->3M(15M) 0.794ms
[8.039s][info][gc] GC(6) Pause Young (Allocation Failure) 6M->3M(15M) 0.142ms
[8.041s][info][gc] GC(7) Pause Young (Allocation Failure) 7M->5M(15M) 0.823ms
[8.042s][info][gc] GC(8) Pause Young (Allocation Failure) 10M->5M(15M) 0.169ms
[8.045s][info][gc] GC(9) Pause Young (Allocation Failure) 14M->14M(15M) 0.049ms
[8.049s][info][gc] GC(10) Pause Full (Allocation Failure) 14M->6M(15M) 4.379ms
[8.051s][info][gc] GC(11) Pause Young (Allocation Failure) 11M->6M(15M) 0.226ms
[8.051s][info][gc] GC(12) Pause Young (Allocation Failure) 8M->6M(15M) 0.121ms
