[0.006s][info][gc] Using Serial
[5.316s][info][gc] GC(0) Pause Young (Allocation Failure) 4M->2M(15M) 3.269ms
[5.354s][info][gc] GC(1) Pause Young (Allocation Failure) 6M->3M(15M) 3.142ms
[5.373s][info][gc] GC(2) Pause Young (Allocation Failure) 7M->4M(15M) 1.674ms
[5.386s][info][gc] GC(3) Pause Young (Allocation Failure) 8M->4M(15M) 0.997ms
[6.791s][info][gc] GC(4) Pause Young (Allocation Failure) 9M->5M(15M) 0.979ms
[6.793s][info][gc] GC(5) Pause Young (Allocation Failure) 9M->5M(15M) 0.530ms
[6.795s][info][gc] GC(6) Pause Young (Allocation Failure) 9M->7M(15M) 0.660ms
[6.796s][info][gc] GC(7) Pause Young (Allocation Failure) 10M->7M(15M) 0.137ms
[6.797s][info][gc] GC(8) Pause Young (Allocation Failure) 11M->11M(15M) 0.196ms
[6.802s][info][gc] GC(9) Pause Full (Allocation Failure) 11M->6M(15M) 4.446ms
[6.804s][info][gc] GC(10) Pause Young (Allocation Failure) 10M->6M(15M) 0.369ms
[6.805s][info][gc] GC(11) Pause Young (Allocation Failure) 8M->6M(15M) 0.168ms
