[0.007s][info][gc] Using Serial
[1.026s][info][gc] GC(0) Pause Young (Allocation Failure) 4M->2M(15M) 2.897ms
[4.811s][info][gc] GC(1) Pause Young (Allocation Failure) 6M->3M(15M) 3.056ms
[4.830s][info][gc] GC(2) Pause Young (Allocation Failure) 7M->4M(15M) 1.768ms
[4.844s][info][gc] GC(3) Pause Young (Allocation Failure) 8M->4M(15M) 1.058ms
[6.343s][info][gc] GC(4) Pause Young (Allocation Failure) 8M->5M(15M) 0.634ms
[6.345s][info][gc] GC(5) Pause Young (Allocation Failure) 9M->5M(15M) 0.610ms
[6.347s][info][gc] GC(6) Pause Young (Allocation Failure) 10M->7M(15M) 0.741ms
[6.349s][info][gc] GC(7) Pause Young (Allocation Failure) 12M->7M(15M) 0.156ms
[6.350s][info][gc] GC(8) Pause Young (Allocation Failure) 9M->7M(15M) 0.161ms
[6.351s][info][gc] GC(9) Pause Young (Allocation Failure) 12M->12M(15M) 0.149ms
[6.355s][info][gc] GC(10) Pause Full (Allocation Failure) 12M->6M(15M) 4.259ms
[6.357s][info][gc] GC(11) Pause Young (Allocation Failure) 10M->6M(15M) 0.383ms
[6.358s][info][gc] GC(12) Pause Young (Allocation Failure) 10M->6M(15M) 0.166ms
