[0.006s][info][gc] Using G1
[1.060s][info][gc] GC(0) Pause Young (Normal) (G1 Evacuation Pause) 4M->2M(12M) 4.052ms
[2.738s][info][gc] GC(1) Pause Young (Normal) (G1 Evacuation Pause) 3M->2M(12M) 2.120ms
[2.755s][info][gc] GC(2) Pause Young (Normal) (G1 Evacuation Pause) 3M->3M(12M) 1.014ms
[2.779s][info][gc] GC(3) Pause Young (Normal) (G1 Evacuation Pause) 5M->2M(12M) 1.164ms
[2.819s][info][gc] GC(4) Pause Young (Normal) (G1 Evacuation Pause) 4M->3M(12M) 0.992ms
[2.845s][info][gc] GC(5) Pause Young (Normal) (G1 Evacuation Pause) 5M->3M(12M) 1.403ms
[2.865s][info][gc] GC(6) Pause Young (Normal) (G1 Evacuation Pause) 6M->3M(12M) 1.727ms
[3.022s][info][gc] GC(7) Pause Young (Normal) (G1 Evacuation Pause) 5M->3M(12M) 0.868ms
[3.100s][info][gc] GC(8) Pause Young (Normal) (G1 Evacuation Pause) 5M->4M(12M) 1.337ms
[3.199s][info][gc] GC(9) Pause Young (Normal) (G1 Evacuation Pause) 6M->4M(12M) 1.737ms
[3.259s][info][gc] GC(10) Pause Young (Normal) (G1 Evacuation Pause) 6M->4M(12M) 1.192ms
[15.307s][info][gc] GC(11) Pause Young (Normal) (G1 Evacuation Pause) 6M->4M(12M) 1.492ms
[19.710s][info][gc] GC(12) Pause Young (Concurrent Start) (G1 Humongous Allocation) 5M->4M(12M) 1.444ms
[19.710s][info][gc] GC(13) Concurrent Undo Cycle
[19.710s][info][gc] GC(13) Concurrent Undo Cycle 0.092ms
[31.501s][info][gc] GC(14) Pause Young (Concurrent Start) (G1 Humongous Allocation) 6M->5M(12M) 1.641ms
[31.501s][info][gc] GC(15) Concurrent Mark Cycle
[31.508s][info][gc] GC(15) Pause Remark 8M->8M(12M) 3.242ms
[31.510s][info][gc] GC(15) Pause Cleanup 8M->8M(12M) 0.053ms
[31.510s][info][gc] GC(15) Concurrent Mark Cycle 8.427ms
[31.513s][info][gc] GC(16) Pause Young (Normal) (G1 Evacuation Pause) 8M->6M(12M) 1.066ms
[31.520s][info][gc] GC(17) Pause Young (Concurrent Start) (G1 Evacuation Pause) 7M->6M(12M) 1.148ms
[31.520s][info][gc] GC(18) Concurrent Mark Cycle
[31.525s][info][gc] GC(18) Pause Remark 6M->6M(12M) 1.879ms
[31.526s][info][gc] GC(18) Pause Cleanup 7M->7M(12M) 0.048ms
[31.527s][info][gc] GC(18) Concurrent Mark Cycle 6.467ms
[31.528s][info][gc] GC(19) Pause Young (Normal) (G1 Evacuation Pause) 7M->6M(12M) 0.872ms
[31.530s][info][gc] GC(20) Pause Young (Concurrent Start) (G1 Evacuation Pause) 7M->6M(12M) 0.940ms
[31.530s][info][gc] GC(21) Concurrent Mark Cycle
[31.532s][info][gc] GC(22) Pause Young (Normal) (G1 Evacuation Pause) 7M->6M(12M) 0.761ms
[31.535s][info][gc] GC(21) Pause Remark 7M->7M(12M) 1.738ms
[31.537s][info][gc] GC(23) Pause Young (Normal) (G1 Evacuation Pause) 7M->6M(12M) 0.794ms
[31.538s][info][gc] GC(21) Pause Cleanup 7M->7M(12M) 0.042ms
[31.538s][info][gc] GC(21) Concurrent Mark Cycle 7.233ms
[31.539s][info][gc] GC(24) Pause Young (Normal) (G1 Evacuation Pause) 7M->6M(12M) 0.934ms
[31.541s][info][gc] GC(25) Pause Young (Concurrent Start) (G1 Evacuation Pause) 7M->6M(12M) 0.935ms
[31.541s][info][gc] GC(26) Concurrent Mark Cycle
[31.543s][info][gc] GC(27) Pause Young (Normal) (G1 Evacuation Pause) 7M->6M(12M) 0.868ms
[31.546s][info][gc] GC(26) Pause Remark 7M->7M(12M) 1.747ms
[31.548s][info][gc] GC(28) Pause Young (Normal) (G1 Evacuation Pause) 7M->6M(12M) 0.842ms
[31.549s][info][gc] GC(26) Pause Cleanup 7M->7M(12M) 0.040ms
[31.549s][info][gc] GC(26) Concurrent Mark Cycle 7.853ms
[31.550s][info][gc] GC(29) Pause Young (Normal) (G1 Evacuation Pause) 7M->7M(12M) 0.750ms
[31.552s][info][gc] GC(30) Pause Young (Concurrent Start) (G1 Evacuation Pause) 7M->7M(12M) 0.580ms
[31.552s][info][gc] GC(31) Concurrent Mark Cycle
[31.554s][info][gc] GC(32) Pause Young (Normal) (G1 Evacuation Pause) 8M->7M(12M) 0.554ms
[31.572s][info][gc] GC(33) Pause Young (Normal) (G1 Evacuation Pause) 8M->7M(12M) 0.979ms
[31.576s][info][gc] GC(31) Pause Remark 8M->8M(12M) 3.207ms
[31.577s][info][gc] GC(34) Pause Young (Normal) (G1 Evacuation Pause) 8M->7M(12M) 0.452ms
[31.579s][info][gc] GC(35) Pause Young (Normal) (G1 Evacuation Pause) 8M->7M(12M) 0.338ms
[31.579s][info][gc] GC(31) Pause Cleanup 7M->7M(12M) 0.039ms
[31.579s][info][gc] GC(31) Concurrent Mark Cycle 27.121ms
[31.580s][info][gc] GC(36) Pause Young (Normal) (G1 Evacuation Pause) 8M->7M(12M) 0.286ms
[31.582s][info][gc] GC(37) Pause Young (Concurrent Start) (G1 Evacuation Pause) 8M->7M(12M) 0.446ms
[31.582s][info][gc] GC(38) Concurrent Mark Cycle
[31.583s][info][gc] GC(39) Pause Young (Normal) (G1 Evacuation Pause) 8M->7M(12M) 0.379ms
[31.587s][info][gc] GC(38) Pause Remark 8M->8M(12M) 2.718ms
[31.589s][info][gc] GC(40) Pause Young (Normal) (G1 Evacuation Pause) 8M->7M(12M) 0.418ms
[31.590s][info][gc] GC(38) Pause Cleanup 8M->8M(12M) 0.042ms
[31.590s][info][gc] GC(38) Concurrent Mark Cycle 8.090ms
[31.591s][info][gc] GC(41) Pause Young (Prepare Mixed) (G1 Evacuation Pause) 8M->7M(12M) 0.570ms
[31.593s][info][gc] GC(42) Pause Young (Mixed) (G1 Preventive Collection) 8M->7M(12M) 0.986ms
[31.595s][info][gc] GC(43) Pause Young (Concurrent Start) (G1 Evacuation Pause) 8M->7M(12M) 0.508ms
[31.595s][info][gc] GC(44) Concurrent Mark Cycle
[31.596s][info][gc] GC(45) Pause Young (Normal) (G1 Evacuation Pause) 8M->7M(12M) 0.347ms
[31.598s][info][gc] GC(46) Pause Young (Normal) (G1 Evacuation Pause) 8M->7M(12M) 0.385ms
[31.600s][info][gc] GC(44) Pause Remark 7M->7M(12M) 1.769ms
[31.601s][info][gc] GC(44) Pause Cleanup 9M->9M(12M) 0.044ms
[31.601s][info][gc] GC(44) Concurrent Mark Cycle 6.633ms
[32.476s][info][gc] GC(47) Pause Young (Normal) (G1 Evacuation Pause) 9M->5M(12M) 0.639ms
[48.538s][info][gc] GC(48) Pause Young (Concurrent Start) (G1 Evacuation Pause) 7M->6M(12M) 0.728ms
[48.539s][info][gc] GC(49) Concurrent Mark Cycle
[48.542s][info][gc] GC(49) Pause Remark 6M->6M(12M) 1.889ms
[48.544s][info][gc] GC(49) Pause Cleanup 6M->6M(12M) 0.049ms
[48.544s][info][gc] GC(49) Concurrent Mark Cycle 5.358ms
[52.254s][info][gc] GC(50) Pause Young (Concurrent Start) (G1 Humongous Allocation) 6M->5M(12M) 1.138ms
[52.254s][info][gc] GC(51) Concurrent Mark Cycle
[52.258s][info][gc] GC(51) Pause Remark 6M->6M(12M) 2.000ms
[52.260s][info][gc] GC(51) Pause Cleanup 6M->6M(12M) 0.044ms
[52.260s][info][gc] GC(51) Concurrent Mark Cycle 5.674ms
[74.689s][info][gc] GC(52) Pause Young (Normal) (G1 Evacuation Pause) 8M->5M(12M) 0.822ms
[96.331s][info][gc] GC(53) Pause Young (Concurrent Start) (G1 Humongous Allocation) 7M->5M(12M) 1.279ms
[96.331s][info][gc] GC(54) Concurrent Mark Cycle
[96.335s][info][gc] GC(54) Pause Remark 6M->6M(12M) 2.079ms
[96.336s][info][gc] GC(54) Pause Cleanup 6M->6M(12M) 0.043ms
[96.336s][info][gc] GC(54) Concurrent Mark Cycle 5.382ms
[118.945s][info][gc] GC(55) Pause Young (Normal) (G1 Evacuation Pause) 8M->6M(12M) 0.738ms
[130.039s][info][gc] GC(56) Pause Young (Concurrent Start) (G1 Evacuation Pause) 7M->6M(12M) 0.848ms
[130.039s][info][gc] GC(57) Concurrent Mark Cycle
[130.043s][info][gc] GC(57) Pause Remark 7M->7M(12M) 1.995ms
[130.045s][info][gc] GC(57) Pause Cleanup 7M->7M(12M) 0.043ms
[130.045s][info][gc] GC(57) Concurrent Mark Cycle 6.348ms
[140.119s][info][gc] GC(58) Pause Young (Normal) (G1 Evacuation Pause) 7M->6M(12M) 0.665ms
[151.235s][info][gc] GC(59) Pause Young (Concurrent Start) (G1 Evacuation Pause) 7M->6M(12M) 0.695ms
[151.235s][info][gc] GC(60) Concurrent Mark Cycle
[151.239s][info][gc] GC(60) Pause Remark 7M->7M(12M) 2.071ms
[151.241s][info][gc] GC(60) Pause Cleanup 7M->7M(12M) 0.034ms
[151.241s][info][gc] GC(60) Concurrent Mark Cycle 6.005ms
[162.363s][info][gc] GC(61) Pause Young (Normal) (G1 Evacuation Pause) 7M->6M(12M) 0.845ms
[173.482s][info][gc] GC(62) Pause Young (Concurrent Start) (G1 Evacuation Pause) 7M->6M(12M) 0.697ms
[173.482s][info][gc] GC(63) Concurrent Mark Cycle
[173.486s][info][gc] GC(63) Pause Remark 7M->7M(12M) 2.199ms
[173.488s][info][gc] GC(63) Pause Cleanup 7M->7M(12M) 0.044ms
[173.488s][info][gc] GC(63) Concurrent Mark Cycle 6.268ms
[184.534s][info][gc] GC(64) Pause Young (Normal) (G1 Evacuation Pause) 7M->6M(12M) 1.246ms
