[0.007s][info][gc] Using The Z Garbage Collector
[0.144s][info][gc] GC(0) Garbage Collection (Warmup) 6M(25%)->4M(17%)
[1.143s][info][gc] GC(1) Garbage Collection (Warmup) 6M(25%)->4M(17%)
[2.036s][info][gc] GC(2) Garbage Collection (Warmup) 8M(33%)->8M(33%)
[2.149s][info][gc] GC(3) Garbage Collection (Allocation Rate) 18M(75%)->10M(42%)
[2.338s][info][gc] GC(4) Garbage Collection (Allocation Rate) 12M(50%)->8M(33%)
[2.449s][info][gc] GC(5) Garbage Collection (Allocation Rate) 10M(42%)->8M(33%)
[2.540s][info][gc] GC(6) Garbage Collection (Allocation Rate) 12M(50%)->10M(42%)
[2.644s][info][gc] GC(7) Garbage Collection (Allocation Rate) 10M(42%)->8M(33%)
[2.740s][info][gc] GC(8) Garbage Collection (Allocation Rate) 10M(42%)->8M(33%)
[2.833s][info][gc] GC(9) Garbage Collection (Allocation Rate) 10M(42%)->8M(33%)
[2.944s][info][gc] GC(10) Garbage Collection (Allocation Rate) 10M(42%)->8M(33%)
[10.646s][info][gc] GC(11) Garbage Collection (Proactive) 12M(50%)->8M(33%)
[14.136s][info][gc] GC(12) Garbage Collection (Proactive) 12M(50%)->10M(42%)
[25.149s][info][gc] GC(13) Garbage Collection (Proactive) 14M(58%)->18M(75%)
[25.179s][info][gc] Allocation Stall (main) 14.939ms
[25.179s][info][gc] GC(14) Garbage Collection (Allocation Stall) 24M(100%)->14M(58%)
[25.203s][info][gc] Allocation Stall (main) 13.230ms
[25.203s][info][gc] GC(15) Garbage Collection (Allocation Stall) 24M(100%)->16M(67%)
[25.240s][info][gc] GC(16) Garbage Collection (Allocation Rate) 22M(92%)->8M(33%)
[25.350s][info][gc] GC(17) Garbage Collection (Allocation Rate) 8M(33%)->8M(33%)
[25.440s][info][gc] GC(18) Garbage Collection (Allocation Rate) 8M(33%)->8M(33%)
[25.534s][info][gc] GC(19) Garbage Collection (Allocation Rate) 8M(33%)->8M(33%)
[25.641s][info][gc] GC(20) Garbage Collection (Allocation Rate) 8M(33%)->8M(33%)
[25.736s][info][gc] GC(21) Garbage Collection (Allocation Rate) 10M(42%)->10M(42%)
[25.845s][info][gc] GC(22) Garbage Collection (Allocation Rate) 10M(42%)->10M(42%)
[25.938s][info][gc] GC(23) Garbage Collection (Allocation Rate) 10M(42%)->10M(42%)
[26.341s][info][gc] GC(24) Garbage Collection (Allocation Rate) 10M(42%)->10M(42%)
[26.434s][info][gc] GC(25) Garbage Collection (Allocation Rate) 10M(42%)->10M(42%)
[26.544s][info][gc] GC(26) Garbage Collection (Allocation Rate) 10M(42%)->10M(42%)
[26.635s][info][gc] GC(27) Garbage Collection (Allocation Rate) 12M(50%)->10M(42%)
[26.746s][info][gc] GC(28) Garbage Collection (Allocation Rate) 12M(50%)->10M(42%)
[26.836s][info][gc] GC(29) Garbage Collection (Allocation Rate) 10M(42%)->10M(42%)
[26.946s][info][gc] GC(30) Garbage Collection (Allocation Rate) 10M(42%)->10M(42%)
[35.242s][info][gc] GC(31) Garbage Collection (Proactive) 14M(58%)->12M(50%)
[47.844s][info][gc] GC(32) Garbage Collection (Proactive) 16M(67%)->10M(42%)
[62.849s][info][gc] GC(33) Garbage Collection (Proactive) 14M(58%)->10M(42%)
[73.834s][info][gc] GC(34) Garbage Collection (Proactive) 14M(58%)->12M(50%)
[88.043s][info][gc] GC(35) Garbage Collection (Proactive) 16M(67%)->12M(50%)
[101.143s][info][gc] GC(36) Garbage Collection (Proactive) 16M(67%)->12M(50%)
[116.343s][info][gc] GC(37) Garbage Collection (Proactive) 16M(67%)->12M(50%)
[130.436s][info][gc] GC(38) Garbage Collection (Proactive) 16M(67%)->12M(50%)
[145.646s][info][gc] GC(39) Garbage Collection (Proactive) 16M(67%)->12M(50%)
[163.846s][info][gc] GC(40) Garbage Collection (Proactive) 16M(67%)->12M(50%)
[178.943s][info][gc] GC(41) Garbage Collection (Proactive) 16M(67%)->10M(42%)
